Archive member included because of file (symbol)

c:/winavr-20100110/bin/../lib/gcc/avr/4.3.3/avr6\libgcc.a(_udivmodhi4.o)
                              drvcore.o (__udivmodhi4)
c:/winavr-20100110/bin/../lib/gcc/avr/4.3.3/avr6\libgcc.a(_exit.o)
                              c:/winavr-20100110/bin/../lib/gcc/avr/4.3.3/../../../../avr/lib/avr6/crtm2560.o (exit)
c:/winavr-20100110/bin/../lib/gcc/avr/4.3.3/avr6\libgcc.a(_clear_bss.o)
                              drvapi.o (__do_clear_bss)

Allocating common symbols
Common symbol       size              file

number_of_bytes_used_in_eeprom
                    0x2               drvapi.o
next_eeprom_address
                    0x2               drvapi.o
rbuff               0x104             drvapi.o

Memory Configuration

Name             Origin             Length             Attributes
text             0x00000000         0x00100000         xr
data             0x00800200         0x0000fe00         rw !x
eeprom           0x00810000         0x00010000         rw !x
fuse             0x00820000         0x00000400         rw !x
lock             0x00830000         0x00000400         rw !x
signature        0x00840000         0x00000400         rw !x
*default*        0x00000000         0xffffffff

Linker script and memory map

Address of section .data set to 0x800200
LOAD c:/winavr-20100110/bin/../lib/gcc/avr/4.3.3/../../../../avr/lib/avr6/crtm2560.o
LOAD drvapi.o
LOAD drvcore.o
LOAD drvport.o
LOAD main.o
LOAD c:/winavr-20100110/bin/../lib/gcc/avr/4.3.3/avr6\libgcc.a
LOAD c:/winavr-20100110/bin/../lib/gcc/avr/4.3.3/../../../../avr/lib/avr6\libc.a
LOAD c:/winavr-20100110/bin/../lib/gcc/avr/4.3.3/avr6\libgcc.a

.hash
 *(.hash)

.dynsym
 *(.dynsym)

.dynstr
 *(.dynstr)

.gnu.version
 *(.gnu.version)

.gnu.version_d
 *(.gnu.version_d)

.gnu.version_r
 *(.gnu.version_r)

.rel.init
 *(.rel.init)

.rela.init
 *(.rela.init)

.rel.text
 *(.rel.text)
 *(.rel.text.*)
 *(.rel.gnu.linkonce.t*)

.rela.text
 *(.rela.text)
 *(.rela.text.*)
 *(.rela.gnu.linkonce.t*)

.rel.fini
 *(.rel.fini)

.rela.fini
 *(.rela.fini)

.rel.rodata
 *(.rel.rodata)
 *(.rel.rodata.*)
 *(.rel.gnu.linkonce.r*)

.rela.rodata
 *(.rela.rodata)
 *(.rela.rodata.*)
 *(.rela.gnu.linkonce.r*)

.rel.data
 *(.rel.data)
 *(.rel.data.*)
 *(.rel.gnu.linkonce.d*)

.rela.data
 *(.rela.data)
 *(.rela.data.*)
 *(.rela.gnu.linkonce.d*)

.rel.ctors
 *(.rel.ctors)

.rela.ctors
 *(.rela.ctors)

.rel.dtors
 *(.rel.dtors)

.rela.dtors
 *(.rela.dtors)

.rel.got
 *(.rel.got)

.rela.got
 *(.rela.got)

.rel.bss
 *(.rel.bss)

.rela.bss
 *(.rela.bss)

.rel.plt
 *(.rel.plt)

.rela.plt
 *(.rela.plt)

.text           0x00000000      0x99a
 *(.vectors)
 .vectors       0x00000000       0xe4 c:/winavr-20100110/bin/../lib/gcc/avr/4.3.3/../../../../avr/lib/avr6/crtm2560.o
                0x00000000                __vectors
                0x00000000                __vector_default
 *(.vectors)
 *(.progmem.gcc*)
 *(.progmem*)
                0x000000e4                . = ALIGN (0x2)
                0x000000e4                __trampolines_start = .
 *(.trampolines)
 .trampolines   0x000000e4        0x0 linker stubs
 *(.trampolines*)
                0x000000e4                __trampolines_end = .
 *(.jumptables)
 *(.jumptables*)
 *(.lowtext)
 *(.lowtext*)
                0x000000e4                __ctors_start = .
 *(.ctors)
                0x000000e4                __ctors_end = .
                0x000000e4                __dtors_start = .
 *(.dtors)
                0x000000e4                __dtors_end = .
 SORT(*)(.ctors)
 SORT(*)(.dtors)
 *(.init0)
 .init0         0x000000e4        0x0 c:/winavr-20100110/bin/../lib/gcc/avr/4.3.3/../../../../avr/lib/avr6/crtm2560.o
                0x000000e4                __init
 *(.init0)
 *(.init1)
 *(.init1)
 *(.init2)
 .init2         0x000000e4       0x10 c:/winavr-20100110/bin/../lib/gcc/avr/4.3.3/../../../../avr/lib/avr6/crtm2560.o
 *(.init2)
 *(.init3)
 *(.init3)
 *(.init4)
 .init4         0x000000f4       0x1a c:/winavr-20100110/bin/../lib/gcc/avr/4.3.3/../../../../avr/lib/avr6/crtm2560.o
                0x000000f4                __do_copy_data
 .init4         0x0000010e       0x10 c:/winavr-20100110/bin/../lib/gcc/avr/4.3.3/avr6\libgcc.a(_clear_bss.o)
                0x0000010e                __do_clear_bss
 *(.init4)
 *(.init5)
 *(.init5)
 *(.init6)
 *(.init6)
 *(.init7)
 *(.init7)
 *(.init8)
 *(.init8)
 *(.init9)
 .init9         0x0000011e        0x8 c:/winavr-20100110/bin/../lib/gcc/avr/4.3.3/../../../../avr/lib/avr6/crtm2560.o
 *(.init9)
 *(.text)
 .text          0x00000126        0x4 c:/winavr-20100110/bin/../lib/gcc/avr/4.3.3/../../../../avr/lib/avr6/crtm2560.o
                0x00000126                __vector_38
                0x00000126                __vector_22
                0x00000126                __vector_28
                0x00000126                __vector_1
                0x00000126                __vector_32
                0x00000126                __vector_34
                0x00000126                __vector_24
                0x00000126                __vector_12
                0x00000126                __vector_55
                0x00000126                __vector_46
                0x00000126                __bad_interrupt
                0x00000126                __vector_6
                0x00000126                __vector_31
                0x00000126                __vector_35
                0x00000126                __vector_39
                0x00000126                __vector_3
                0x00000126                __vector_30
                0x00000126                __vector_45
                0x00000126                __vector_11
                0x00000126                __vector_54
                0x00000126                __vector_13
                0x00000126                __vector_17
                0x00000126                __vector_19
                0x00000126                __vector_56
                0x00000126                __vector_7
                0x00000126                __vector_49
                0x00000126                __vector_41
                0x00000126                __vector_43
                0x00000126                __vector_27
                0x00000126                __vector_5
                0x00000126                __vector_33
                0x00000126                __vector_47
                0x00000126                __vector_52
                0x00000126                __vector_37
                0x00000126                __vector_4
                0x00000126                __vector_44
                0x00000126                __vector_51
                0x00000126                __vector_9
                0x00000126                __vector_2
                0x00000126                __vector_21
                0x00000126                __vector_15
                0x00000126                __vector_36
                0x00000126                __vector_29
                0x00000126                __vector_40
                0x00000126                __vector_8
                0x00000126                __vector_26
                0x00000126                __vector_48
                0x00000126                __vector_14
                0x00000126                __vector_53
                0x00000126                __vector_10
                0x00000126                __vector_50
                0x00000126                __vector_16
                0x00000126                __vector_18
                0x00000126                __vector_20
                0x00000126                __vector_42
 .text          0x0000012a       0x48 drvapi.o
                0x00000158                gpio_write_pin
                0x0000012e                gpio_pin_on
                0x0000013c                board_led_off
                0x00000134                init_timer
                0x00000166                gpio_read_pin
                0x0000012a                drvinit
                0x00000130                serial_write
                0x00000132                serial_read
                0x0000012c                gpio_init
                0x0000014a                board_led_on
 .text          0x00000172      0x332 drvcore.o
                0x00000434                drvWriteUint16Reg
                0x0000025a                process
                0x00000258                drvClearBit
                0x00000464                drvTestBit
                0x00000172                myitoa
                0x00000256                drvSetBit
 .text          0x000004a4      0x484 drvport.o
                0x000006b6                init_eeprom
                0x00000588                drvUSARTWriteString
                0x00000686                drvReadEeprom
                0x0000071a                drvWriteEeprom
                0x000008d4                __vector_23
                0x000007c0                init_usart0
                0x000004ec                __vector_25
                0x00000654                read_pin
                0x000004a4                drvWriteReg
                0x000004be                timer_init
                0x0000078a                drvUpdateEepromDataCount
                0x00000760                drvResetEepromDataCount
                0x000004b2                drvReadReg
                0x0000060a                write_pin
                0x00000862                timer_interrupt
                0x000005d8                toggle_pin
                0x000005ae                drvUSARTPutChar
                0x000005ca                init_gpio
 .text          0x00000928       0x46 main.o
                0x00000928                main
 .text          0x0000096e        0x0 c:/winavr-20100110/bin/../lib/gcc/avr/4.3.3/avr6\libgcc.a(_udivmodhi4.o)
 .text          0x0000096e        0x0 c:/winavr-20100110/bin/../lib/gcc/avr/4.3.3/avr6\libgcc.a(_exit.o)
 .text          0x0000096e        0x0 c:/winavr-20100110/bin/../lib/gcc/avr/4.3.3/avr6\libgcc.a(_clear_bss.o)
                0x0000096e                . = ALIGN (0x2)
 *(.text.*)
 .text.libgcc   0x0000096e       0x28 c:/winavr-20100110/bin/../lib/gcc/avr/4.3.3/avr6\libgcc.a(_udivmodhi4.o)
                0x0000096e                __udivmodhi4
 .text.libgcc   0x00000996        0x0 c:/winavr-20100110/bin/../lib/gcc/avr/4.3.3/avr6\libgcc.a(_exit.o)
 .text.libgcc   0x00000996        0x0 c:/winavr-20100110/bin/../lib/gcc/avr/4.3.3/avr6\libgcc.a(_clear_bss.o)
                0x00000996                . = ALIGN (0x2)
 *(.fini9)
 .fini9         0x00000996        0x0 c:/winavr-20100110/bin/../lib/gcc/avr/4.3.3/avr6\libgcc.a(_exit.o)
                0x00000996                exit
                0x00000996                _exit
 *(.fini9)
 *(.fini8)
 *(.fini8)
 *(.fini7)
 *(.fini7)
 *(.fini6)
 *(.fini6)
 *(.fini5)
 *(.fini5)
 *(.fini4)
 *(.fini4)
 *(.fini3)
 *(.fini3)
 *(.fini2)
 *(.fini2)
 *(.fini1)
 *(.fini1)
 *(.fini0)
 .fini0         0x00000996        0x4 c:/winavr-20100110/bin/../lib/gcc/avr/4.3.3/avr6\libgcc.a(_exit.o)
 *(.fini0)
                0x0000099a                _etext = .

.data           0x00800200       0x22 load address 0x0000099a
                0x00800200                PROVIDE (__data_start, .)
 *(.data)
 .data          0x00800200        0x0 c:/winavr-20100110/bin/../lib/gcc/avr/4.3.3/../../../../avr/lib/avr6/crtm2560.o
 .data          0x00800200        0x0 drvapi.o
 .data          0x00800200       0x12 drvcore.o
 .data          0x00800212        0xf drvport.o
                0x00800220                DELAY
 .data          0x00800221        0x0 main.o
 .data          0x00800221        0x0 c:/winavr-20100110/bin/../lib/gcc/avr/4.3.3/avr6\libgcc.a(_udivmodhi4.o)
 .data          0x00800221        0x0 c:/winavr-20100110/bin/../lib/gcc/avr/4.3.3/avr6\libgcc.a(_exit.o)
 .data          0x00800221        0x0 c:/winavr-20100110/bin/../lib/gcc/avr/4.3.3/avr6\libgcc.a(_clear_bss.o)
 *(.data*)
 *(.rodata)
 *(.rodata*)
 *(.gnu.linkonce.d*)
                0x00800222                . = ALIGN (0x2)
 *fill*         0x00800221        0x1 00
                0x00800222                _edata = .
                0x00800222                PROVIDE (__data_end, .)

.bss            0x00800222      0x10b
                0x00800222                PROVIDE (__bss_start, .)
 *(.bss)
 .bss           0x00800222        0x0 c:/winavr-20100110/bin/../lib/gcc/avr/4.3.3/../../../../avr/lib/avr6/crtm2560.o
 .bss           0x00800222        0x0 drvapi.o
 .bss           0x00800222        0x1 drvcore.o
 .bss           0x00800223        0x2 drvport.o
 .bss           0x00800225        0x0 main.o
 .bss           0x00800225        0x0 c:/winavr-20100110/bin/../lib/gcc/avr/4.3.3/avr6\libgcc.a(_udivmodhi4.o)
 .bss           0x00800225        0x0 c:/winavr-20100110/bin/../lib/gcc/avr/4.3.3/avr6\libgcc.a(_exit.o)
 .bss           0x00800225        0x0 c:/winavr-20100110/bin/../lib/gcc/avr/4.3.3/avr6\libgcc.a(_clear_bss.o)
 *(.bss*)
 *(COMMON)
 COMMON         0x00800225      0x108 drvapi.o
                0x00800225                number_of_bytes_used_in_eeprom
                0x00800227                next_eeprom_address
                0x00800229                rbuff
                0x0080032d                PROVIDE (__bss_end, .)
                0x0000099a                __data_load_start = LOADADDR (.data)
                0x000009bc                __data_load_end = (__data_load_start + SIZEOF (.data))

.noinit         0x0080032d        0x0
                0x0080032d                PROVIDE (__noinit_start, .)
 *(.noinit*)
                0x0080032d                PROVIDE (__noinit_end, .)
                0x0080032d                _end = .
                0x0080032d                PROVIDE (__heap_start, .)

.eeprom         0x00810000        0x0
 *(.eeprom*)
                0x00810000                __eeprom_end = .

.fuse
 *(.fuse)
 *(.lfuse)
 *(.hfuse)
 *(.efuse)

.lock
 *(.lock*)

.signature
 *(.signature*)

.stab
 *(.stab)

.stabstr
 *(.stabstr)

.stab.excl
 *(.stab.excl)

.stab.exclstr
 *(.stab.exclstr)

.stab.index
 *(.stab.index)

.stab.indexstr
 *(.stab.indexstr)

.comment
 *(.comment)

.debug
 *(.debug)

.line
 *(.line)

.debug_srcinfo
 *(.debug_srcinfo)

.debug_sfnames
 *(.debug_sfnames)

.debug_aranges  0x00000000       0x80
 *(.debug_aranges)
 .debug_aranges
                0x00000000       0x20 drvapi.o
 .debug_aranges
                0x00000020       0x20 drvcore.o
 .debug_aranges
                0x00000040       0x20 drvport.o
 .debug_aranges
                0x00000060       0x20 main.o

.debug_pubnames
                0x00000000      0x3af
 *(.debug_pubnames)
 .debug_pubnames
                0x00000000       0xf9 drvapi.o
 .debug_pubnames
                0x000000f9       0xb1 drvcore.o
 .debug_pubnames
                0x000001aa      0x1a5 drvport.o
 .debug_pubnames
                0x0000034f       0x60 main.o

.debug_info     0x00000000     0x13f7
 *(.debug_info)
 .debug_info    0x00000000      0x324 drvapi.o
 .debug_info    0x00000324      0x5aa drvcore.o
 .debug_info    0x000008ce      0x967 drvport.o
 .debug_info    0x00001235      0x1c2 main.o
 *(.gnu.linkonce.wi.*)

.debug_abbrev   0x00000000      0x677
 *(.debug_abbrev)
 .debug_abbrev  0x00000000      0x119 drvapi.o
 .debug_abbrev  0x00000119      0x200 drvcore.o
 .debug_abbrev  0x00000319      0x280 drvport.o
 .debug_abbrev  0x00000599       0xde main.o

.debug_line     0x00000000      0xc04
 *(.debug_line)
 .debug_line    0x00000000      0x189 drvapi.o
 .debug_line    0x00000189      0x3d6 drvcore.o
 .debug_line    0x0000055f      0x5a2 drvport.o
 .debug_line    0x00000b01      0x103 main.o

.debug_frame    0x00000000      0x270
 *(.debug_frame)
 .debug_frame   0x00000000       0xb0 drvapi.o
 .debug_frame   0x000000b0       0x70 drvcore.o
 .debug_frame   0x00000120      0x130 drvport.o
 .debug_frame   0x00000250       0x20 main.o

.debug_str      0x00000000      0x42e
 *(.debug_str)
 .debug_str     0x00000000      0x194 drvapi.o
                                0x1e0 (size before relaxing)
 .debug_str     0x00000194      0x148 drvcore.o
                                0x26a (size before relaxing)
 .debug_str     0x000002dc      0x132 drvport.o
                                0x2d5 (size before relaxing)
 .debug_str     0x0000040e       0x20 main.o
                                0x161 (size before relaxing)

.debug_loc      0x00000000      0x4b7
 *(.debug_loc)
 .debug_loc     0x00000000       0xe1 drvapi.o
 .debug_loc     0x000000e1      0x1d6 drvcore.o
 .debug_loc     0x000002b7      0x200 drvport.o

.debug_macinfo
 *(.debug_macinfo)
OUTPUT(lab3c.elf elf32-avr)
LOAD linker stubs

.debug_ranges   0x00000000       0x60
 .debug_ranges  0x00000000       0x48 drvcore.o
 .debug_ranges  0x00000048       0x18 drvport.o
